// Vitest Snapshot v1, https://vitest.dev/guide/snapshot.html

exports[`NotionConverter > converts blocks to HTML 1`] = `"<p class="">some text</p><details><summary class="">What is love?</summary><div><p class="">Baby don’t hurt me…</p></div></details><ul><li class="">Oranges</li></ul><p class="">some text</p><ol><li class="">Lakers</li></ol><p class="">some text</p><p class=""></p><ul><li class="">Apples</li></ul><ol><li class="">Warriors</li></ol><ol><li class="">Mavericks</li></ol><p class=""></p><p class=""><strong>Bold </strong><em><strong>Italic </strong></em><u><em><strong>Underline </strong></em></u><u><del><em><strong>StrikeThrough</strong></em></del></u><u><em><strong> </strong></em></u><code><u><em><strong>Code </strong></em></u></code><span class="notion-yellow-background"><code><u><em><strong>Color</strong></em></u></code></span></p><p class=""></p><h1>Heading 1</h1><figure><video src="https://www.youtube.com/watch?v=dQw4w9WgXcQ" controls></video><figcaption></figcaption></figure><p class=""></p><p class=""></p><blockquote class=""><em><strong>“One must have chaos in one's self to give birth to a dancing star</strong></em><strong>.”</strong> -Nietzsche</blockquote><ul><li class=""><input type="checkbox" checked>Eat apples</li></ul><p class=""></p><figure><img src="https://upload.wikimedia.org/wikipedia/commons/thumb/2/20/YouTube_2024.svg/500px-YouTube_2024.svg.png"><figcaption>Youtube Logo</figcaption></figure><figure><img src="https://prod-files-secure.s3.us-west-2.amazonaws.com/4c6329c4-ddf4-4a16-8065-9bb204231c5d/32632a86-ac65-4998-a785-446e7160c31b/logo.png?X-Amz-Algorithm=AWS4-HMAC-SHA256&#x26;X-Amz-Content-Sha256=UNSIGNED-PAYLOAD&#x26;X-Amz-Credential=ASIAZI2LB4663CGSEMHU%2F20250523%2Fus-west-2%2Fs3%2Faws4_request&#x26;X-Amz-Date=20250523T174001Z&#x26;X-Amz-Expires=3600&#x26;X-Amz-Security-Token=IQoJb3JpZ2luX2VjEDkaCXVzLXdlc3QtMiJHMEUCIQCuB9u5qzGgFW1D%2B9KvBYSaRr81W%2BlTmqfputF6Y%2B3FAQIgLYY1i4NdUU1fqA5C7ugpKKOADCEQZXauVNPrpx4Sk4UqiAQI8v%2F%2F%2F%2F%2F%2F%2F%2F%2F%2FARAAGgw2Mzc0MjMxODM4MDUiDHeY0hpjgdiaD0zlmircA4AQx6JHNL7UKkRDKqtqLprQndavAvwBfh3G0Gd85Y8LPwkGuMiaDcGyQt4J1HZKCxkQqef2eguB8RbR1jRKpdopJmCK7krkCNh05%2BNe08q9p6dyRAYldy52G3bkcCwxRTs8TkgGuaJUEo3%2BPCuck4dQGRbtq2UAEgKEvUp0mbCgwOl5rAs1GcFcVCRqSK7XSoPSSoKAJjlFBhwHfUYZ0ScwdT7qIxtQRQ2T00Bpx4U%2BVD%2FvYe3bI5ezIndJGptTIiy26P%2FBAvI53PfIUhsJF9GZwW6pykmKXmXoqtnrRmJQxcZ1W%2FiUHxFVyNiQ28Wv7CoFdNpXbT6H1ZojjPEfHLXQiQgSdMewS4czlMKc2pjzXv2bMp3k%2Ft4f4mWf4gwVLKDDW3zbY2QRXItxjobc1DW33qUfKQxJpmTekW9Vz8fX9jlNUB23kWpKdDhYxcQWPZM0YjqYc4kC8G2FKjohS0qMb%2FhEcgA43vSdCQP3QLNctEW0yyzzuhZeM5v0iQPrDv44poyUJEjBZO%2Bkq7ny9FNdZ9U%2Bhu6%2FohgYSOk7teQcBZKX%2B%2BMfjGM4JD%2FUZwFfDUmmQQrCo3Yy6G03iexVjH2%2BtzsVclewfBjBqPFxbEyNl1SG1eMEVNORrVwSMIbWwsEGOqUBUUO%2FkNSipcQHkVs3%2BoOM%2BNnc52dtdw5Opsll5Kx5mz%2FW3541WMTRKzAd%2FG5OqFpqi2NWgWSveJfHNbVBxufX67LQ4%2B5oXgX%2BcbmWdWY%2FCWUAQhHLDF03KbpapNXAd0V3HxwXd8nIzXlU%2BiIcUMHW%2FnNhV9nPXtxDIGT1VBeMDdMNKTc%2B9m%2BO7H1eMeX%2Fo80lnPlL9HL3BSIE6jzhXIMTSbq0u0f7&#x26;X-Amz-Signature=08e0df08add427276a4285c37887cc4c540e98d76ddcb2fa6b49c01a49c04704&#x26;X-Amz-SignedHeaders=host&#x26;x-id=GetObject"><figcaption>Rosette logo</figcaption></figure><table><tbody><tr><td>Sr. No</td><td>Name</td><td>Apples</td></tr><tr><td>2</td><td>John</td><td><em><strong>10</strong></em></td></tr><tr><td>1</td><td>Alice</td><td><em><strong>6</strong></em></td></tr></tbody></table><p class=""><a data-notion-page-mention="126744b6-a7b9-433a-bf8a-78db40eb004e">Untitled</a> </p><h3>Heading 3</h3><code class="language-math">x^n + y^n = z^n</code><ul><li class="">Mangoes</li></ul><p class=""></p><h2>Heading 2</h2><pre><code class="language-javascript">console.log("Hello World!");</code></pre><p class=""></p><p class=""></p><p class=""></p><p class=""><code class="language-math">x = y + z</code></p>"`;
